Drill Listing
=============
Drill: .00787  Tool: 1  Feed: 0  Speed: 0
X 1393385  Y 222125
X 1397952  Y 222125
X 1395669  Y 224409
X 1397952  Y 226692
X 1393385  Y 226692

Drill: .01181  Tool: 2  Feed: 95  Speed: 300
X 480314  Y 220472
X 503937  Y 220472
X 480314  Y 244094
X 503937  Y 244094
X 460629  Y 267716
X 503937  Y 267716
X 503937  Y 291338
X 494881  Y 296062
X 503937  Y 314960
X 494881  Y 336220
X 499212  Y 336220
X 503543  Y 336220
X 500000  Y 346456
X 527559  Y 358267
X 517913  Y 319291
X 520275  Y 319291
X 515551  Y 319291
X 517913  Y 316929
X 515551  Y 316929
X 520275  Y 316929
X 527559  Y 314960
X 520275  Y 314566
X 517913  Y 314566
X 515551  Y 314566
X 511811  Y 296062
X 515748  Y 296062
X 531496  Y 295275
X 515748  Y 282677
X 521653  Y 282677
X 527559  Y 267716
X 527559  Y 244094
X 527559  Y 220472
X 527559  Y 196850
X 551181  Y 196850
X 551181  Y 220472
X 551181  Y 244094
X 552755  Y 271653
X 557480  Y 271653
X 548031  Y 276377
X 552755  Y 276377
X 557480  Y 276377
X 539370  Y 283464
X 553543  Y 291338
X 557480  Y 291338
X 539370  Y 300000
X 552755  Y 311811
X 539370  Y 311811
X 539370  Y 315748
X 552755  Y 315748
X 551181  Y 338582
X 551181  Y 358267
X 566929  Y 517119
X 590551  Y 517119
X 588188  Y 508661
X 592913  Y 508661
X 578740  Y 505308
X 566929  Y 505308
X 602362  Y 505308
X 574803  Y 362204
X 602362  Y 362204
X 598425  Y 338582
X 574803  Y 338582
X 589370  Y 325196
X 605118  Y 325196
X 574803  Y 314960
X 561023  Y 298425
X 603149  Y 291338
X 598425  Y 291338
X 574803  Y 291338
X 603149  Y 285433
X 568110  Y 282677
X 603149  Y 279527
X 598425  Y 244094
X 574803  Y 244094
X 598425  Y 220472
X 574803  Y 220472
X 574803  Y 196850
X 622047  Y 196850
X 645669  Y 196850
X 622047  Y 220472
X 645669  Y 220472
X 622047  Y 244094
X 645669  Y 244094
X 621259  Y 259842
X 616535  Y 266929
X 611811  Y 266929
X 621259  Y 266929
X 645669  Y 267716
X 616535  Y 271653
X 621259  Y 271653
X 645669  Y 291338
X 622047  Y 314960
X 645669  Y 314960
X 622047  Y 338582
X 645669  Y 338582
X 622047  Y 362204
X 645669  Y 362204
X 614173  Y 505308
X 614173  Y 517119
X 669291  Y 358267
X 669291  Y 338582
X 708661  Y 338582
X 690944  Y 338582
X 669291  Y 314960
X 690944  Y 314960
X 690944  Y 291338
X 669291  Y 291338
X 690944  Y 267716
X 669291  Y 267716
X 690944  Y 244094
X 669291  Y 244094
X 690944  Y 220472
X 669291  Y 220472
X 669291  Y 196850
X 716535  Y 244094
X 716535  Y 267716
X 736220  Y 267716
X 716535  Y 291338
X 736220  Y 291338
X 716535  Y 314960
X 844488  Y 562992
X 844488  Y 547244
X 844488  Y 523622
X 851574  Y 522834
X 849212  Y 507874
X 844488  Y 500000
X 852755  Y 480314
X 844488  Y 476377
X 846456  Y 303149
X 846456  Y 279527
X 850393  Y 255905
X 870078  Y 232283
X 870078  Y 255905
X 877559  Y 259055
X 870078  Y 279527
X 885039  Y 301181
X 870078  Y 303149
X 877559  Y 307874
X 870078  Y 326771
X 874015  Y 350393
X 872047  Y 452755
X 884645  Y 474409
X 864173  Y 476377
X 861023  Y 480314
X 880314  Y 508661
X 861023  Y 513779
X 884645  Y 525196
X 861023  Y 532283
X 861023  Y 538188
X 880314  Y 541338
X 864173  Y 547244
X 884645  Y 564566
X 872047  Y 570866
X 895669  Y 570866
X 892125  Y 551574
X 903543  Y 551574
X 899606  Y 543307
X 892125  Y 536614
X 896850  Y 536614
X 901574  Y 536614
X 893700  Y 507874
X 892125  Y 501968
X 903543  Y 501968
X 892125  Y 495669
X 897637  Y 466535
X 895669  Y 452755
X 893700  Y 350393
X 895275  Y 283464
X 899212  Y 270866
X 893700  Y 255905
X 899212  Y 253937
X 893700  Y 212598
X 917322  Y 208661
X 923228  Y 222834
X 935039  Y 222834
X 929133  Y 222834
X 912992  Y 227165
X 912992  Y 233464
X 920078  Y 254330
X 934645  Y 266141
X 924803  Y 266141
X 926377  Y 280708
X 910629  Y 291338
X 917322  Y 305905
X 917322  Y 326771
X 917322  Y 350393
X 919291  Y 452755
X 931889  Y 454724
X 935039  Y 474409
X 910629  Y 474409
X 919291  Y 474409
X 935039  Y 485433
X 916141  Y 495669
X 916141  Y 501968
X 929921  Y 501968
X 916141  Y 508661
X 910629  Y 525196
X 928346  Y 525196
X 914566  Y 536614
X 916535  Y 541338
X 933858  Y 544094
X 910629  Y 564566
X 919291  Y 570866
X 942913  Y 570866
X 947637  Y 564566
X 953937  Y 551574
X 958661  Y 543307
X 937401  Y 541338
X 955511  Y 541338
X 947637  Y 525196
X 942913  Y 523622
X 943700  Y 501968
X 955118  Y 501968
X 953543  Y 487795
X 958661  Y 472047
X 954724  Y 472047
X 943700  Y 468897
X 943700  Y 458661
X 942913  Y 452755
X 940944  Y 374015
X 940944  Y 350393
X 955905  Y 342519
X 955905  Y 337795
X 940944  Y 326771
X 949212  Y 323228
X 941732  Y 306299
X 957086  Y 305905
X 937007  Y 305905
X 944094  Y 292125
X 936220  Y 286614
X 944094  Y 286614
X 940157  Y 286614
X 957086  Y 274409
X 957086  Y 267716
X 957086  Y 263779
X 948818  Y 258267
X 952755  Y 248031
X 937795  Y 247244
X 940944  Y 222834
X 956692  Y 214173
X 940944  Y 208661
X 956692  Y 200787
X 956692  Y 193307
X 948818  Y 193307
X 940944  Y 185039
X 964566  Y 193307
X 972440  Y 193307
X 972440  Y 214173
X 964566  Y 214173
X 964566  Y 218897
X 972440  Y 218897
X 964566  Y 223622
X 964566  Y 232283
X 964566  Y 244881
X 964566  Y 249606
X 970866  Y 267716
X 982677  Y 274015
X 961811  Y 274409
X 976377  Y 279527
X 964566  Y 279527
X 966141  Y 292125
X 970866  Y 296850
X 966141  Y 296850
X 976377  Y 299212
X 979527  Y 306299
X 974803  Y 306299
X 974803  Y 311023
X 979527  Y 311023
X 970472  Y 323228
X 964566  Y 323228
X 964566  Y 350393
X 980314  Y 355905
X 964566  Y 374015
X 966535  Y 452755
X 962598  Y 461811
X 966535  Y 461811
X 966535  Y 466535
X 962598  Y 472047
X 981496  Y 472047
X 977559  Y 472047
X 977559  Y 476771
X 981496  Y 476771
X 979133  Y 495669
X 963779  Y 495669
X 979133  Y 501968
X 966141  Y 501968
X 970472  Y 525196
X 963779  Y 536614
X 977559  Y 536614
X 979133  Y 541338
X 967322  Y 551574
X 973622  Y 564566
X 966535  Y 570866
X 960629  Y 570866
X 990157  Y 570866
X 994094  Y 547244
X 997637  Y 526771
X 1007480  Y 526771
X 992125  Y 525196
X 998818  Y 495669
X 994881  Y 495669
X 998818  Y 486220
X 994881  Y 486220
X 1006692  Y 486220
X 1002755  Y 486220
X 990157  Y 452755
X 988188  Y 374015
X 987401  Y 355905
X 996850  Y 340551
X 1001968  Y 326771
X 988188  Y 323228
X 996062  Y 323228
X 1007480  Y 310236
X 996062  Y 310236
X 988188  Y 310236
X 1007480  Y 306299
X 1000000  Y 303149
X 988188  Y 303149
X 1007480  Y 300000
X 1006692  Y 279527
X 988188  Y 279527
X 1000000  Y 274015
X 988188  Y 267716
X 1005905  Y 264173
X 1000000  Y 264173
X 1005905  Y 251181
X 1000000  Y 246456
X 1005905  Y 246456
X 996850  Y 238188
X 996850  Y 232283
X 996850  Y 226377
X 988188  Y 200787
X 1015748  Y 185039
X 1022047  Y 191338
X 1011811  Y 200787
X 1016535  Y 207874
X 1018503  Y 212598
X 1011811  Y 216535
X 1022440  Y 241732
X 1035433  Y 253937
X 1026771  Y 254330
X 1035433  Y 263779
X 1022834  Y 270866
X 1018110  Y 270866
X 1027559  Y 270866
X 1035039  Y 270866
X 1022834  Y 285826
X 1027559  Y 285826
X 1032283  Y 285826
X 1018110  Y 285826
X 1022834  Y 291338
X 1018110  Y 291338
X 1035433  Y 303149
X 1035433  Y 326771
X 1012598  Y 330708
X 1026377  Y 330708
X 1012598  Y 340551
X 1026377  Y 340551
X 1012598  Y 346456
X 1026377  Y 346456
X 1035433  Y 350393
X 1011811  Y 374015
X 1013779  Y 452755
X 1010629  Y 486220
X 1017322  Y 526771
X 1027165  Y 526771
X 1015748  Y 537401
X 1013779  Y 570866
X 1037401  Y 570866
X 1037401  Y 547244
X 1037401  Y 537401
X 1037007  Y 526771
X 1056692  Y 526771
X 1046850  Y 526771
X 1037401  Y 482283
X 1037401  Y 452755
X 1055118  Y 374015
X 1038188  Y 360236
X 1048425  Y 353149
X 1059055  Y 350393
X 1046456  Y 346456
X 1046062  Y 340551
X 1046062  Y 330708
X 1059055  Y 326771
X 1059055  Y 303149
X 1059055  Y 263779
X 1040944  Y 262598
X 1040944  Y 253937
X 1059055  Y 253937
X 1057086  Y 232283
X 1064566  Y 183858
X 1076771  Y 218503
X 1076771  Y 223622
X 1083464  Y 237007
X 1076771  Y 237007
X 1070866  Y 241732
X 1076771  Y 241732
X 1070866  Y 254724
X 1082677  Y 255905
X 1084645  Y 278740
X 1076771  Y 283464
X 1073622  Y 288188
X 1068897  Y 288188
X 1082677  Y 326771
X 1082677  Y 350393
X 1068110  Y 360236
X 1061023  Y 452755
X 1061023  Y 523622
X 1061023  Y 547244
X 1061023  Y 570866
X 1106299  Y 350393
X 1106299  Y 326771
X 1098818  Y 303937
X 1089370  Y 299212
X 1094094  Y 299212
X 1098818  Y 299212
X 1089370  Y 288188
X 1098818  Y 288188
X 1094094  Y 288188
X 1094094  Y 278740
X 1098818  Y 278740
X 1089370  Y 278740
X 1098818  Y 262992
X 1106299  Y 255905
X 1098425  Y 241732
X 1088188  Y 237007
X 1092519  Y 237007
X 1106299  Y 232283
X 1098425  Y 223622
X 1092519  Y 223622
X 1086614  Y 212598
X 1115748  Y 218503
X 1129921  Y 232283
X 1129921  Y 255905
X 1141732  Y 255905
X 1129921  Y 279527
X 1145669  Y 279527
X 1129921  Y 303149
X 1141732  Y 303149
X 1129921  Y 326771
X 1248031  Y 336614
X 1240157  Y 322834
X 1247244  Y 305118
X 1240157  Y 293307
X 1251574  Y 287401
X 1240157  Y 275590
X 1247244  Y 261811
X 1240157  Y 251968
X 1246062  Y 228346
X 1265354  Y 226377
X 1265354  Y 229921
X 1274015  Y 248031
X 1285433  Y 256692
X 1260629  Y 261811
X 1260629  Y 270078
X 1266141  Y 276771
X 1260629  Y 276771
X 1279527  Y 279527
X 1285433  Y 283464
X 1260629  Y 287401
X 1285433  Y 287401
X 1285433  Y 291338
X 1285433  Y 299212
X 1260629  Y 299606
X 1260629  Y 305118
X 1285433  Y 320866
X 1263779  Y 322834
X 1263779  Y 346456
X 1320866  Y 381889
X 1312992  Y 370078
X 1311023  Y 350393
X 1317716  Y 348425
X 1317716  Y 340551
X 1317716  Y 335433
X 1334645  Y 330708
X 1330708  Y 228346
X 1297244  Y 220472
X 1311023  Y 204724
X 1334645  Y 200787
X 1334645  Y 181102
X 1320866  Y 181102
X 1354330  Y 192913
X 1346456  Y 192913
X 1338582  Y 192913
X 1362204  Y 192913
X 1358267  Y 200787
X 1381889  Y 200787
X 1346456  Y 213779
X 1362204  Y 213779
X 1368897  Y 213779
X 1377952  Y 213779
X 1338582  Y 213779
X 1356692  Y 218110
X 1362204  Y 218110
X 1374803  Y 221259
X 1371653  Y 224015
X 1364173  Y 224015
X 1364173  Y 227559
X 1338582  Y 227559
X 1358267  Y 330708
X 1381889  Y 358267
X 1358267  Y 358267
X 1381889  Y 381889
X 1344488  Y 381889
X 1405511  Y 381889
X 1429133  Y 381889
X 1405511  Y 358267
X 1429133  Y 358267
X 1405118  Y 230708
X 1386220  Y 227559
X 1405118  Y 225984
X 1386220  Y 224015
X 1405118  Y 220078
X 1385826  Y 213779
X 1405118  Y 212598
X 1405511  Y 204724
X 1418503  Y 183070
X 1405511  Y 181102
X 1452755  Y 181102
X 1462598  Y 188188
X 1454724  Y 204724
X 1462598  Y 213385
X 1464566  Y 358267
X 1452755  Y 381889

Drill: .01969  Tool: 3  Feed: 95  Speed: 300
X 541732  Y 265748
X 509842  Y 281889
X 530314  Y 338188
X 536614  Y 338188
X 617716  Y 291338
X 617716  Y 285433
X 617716  Y 279527
X 864566  Y 485433
X 864566  Y 490157
X 864566  Y 496456
X 849212  Y 496456
X 864566  Y 501181
X 849212  Y 501968
X 956299  Y 330708
X 913385  Y 271653
X 913385  Y 265748
X 913385  Y 249212
X 908661  Y 249212
X 980314  Y 193307
X 1009055  Y 186220
X 1022047  Y 186220
X 994488  Y 193307
X 988188  Y 193307
X 1022047  Y 196850
X 1003937  Y 214173
X 990157  Y 218897
X 1006692  Y 230708
X 1059055  Y 493700
X 1059055  Y 479133
X 1070866  Y 265748
X 1088582  Y 265748
X 1045275  Y 190157
X 1325196  Y 193307
X 1319685  Y 193307
X 1301181  Y 311811
X 1274409  Y 325590
X 1371653  Y 364173
X 1427165  Y 214566
X 1398818  Y 207480
X 1370078  Y 193307
X 1377952  Y 193307
X 1437007  Y 190551
X 1437007  Y 196062
X 1437007  Y 206299

Drill: .02559  Tool: 4  Feed: 197  Speed: 550
X 1251279  Y 271287
X 1251279  Y 294043

Drill: .04724  Tool: 5  Feed: 139  Speed: 550
X 952755  Y 196850
X 1000000  Y 196850
X 1342519  Y 196850
X 1389763  Y 196850

Drill: .04724  Tool: 6  Feed: 139  Speed: 550
X 1333682  Y 351968
X 1353682  Y 351968
X 1373682  Y 351968

Drill: .06693  Tool: 7  Feed: 89  Speed: 550
X 1009180  Y 546811
X 1046188  Y 475944

Drill: .07874  Tool: 8  Feed: 81  Speed: 550
X 1003548  Y 466102
X 997689  Y 511377
X 1007531  Y 511377
X 1003584  Y 556653
X 1027170  Y 556653
X 1050828  Y 556653
X 1017374  Y 511377
X 1056730  Y 511377
X 1027202  Y 511377
X 1037045  Y 511377
X 1046887  Y 511377
X 1027170  Y 466102
X 1050792  Y 466102

Drill: .08661  Tool: 9  Feed: 74  Speed: 550
X 590551  Y 196850
X 480314  Y 272628
X 590551  Y 355306
X 897637  Y 334645
X 724803  Y 276566
X 897637  Y 226377
X 1055296  Y 202755
X 1023622  Y 366141

Drill: .1378  Tool: 10  Feed: 35  Speed: 794
X 858070  Y 458267
X 858070  Y 566456

Drill: .15748  Tool: 11  Feed: 35  Speed: 900
X 1413385  Y 196850
X 1445060  Y 360236

Drill: .19685  Tool: 12  Feed: 35  Speed: 1033
X 1287362  Y 228346
X 1287322  Y 336614

End of Listing
